Command: C:\Espressif\python_env\idf5.5_py3.11_env\Scripts\python.exe C:\Espressif\frameworks\esp-idf-v5.5.2\tools/idf_monitor.py -p COM7 -b 115200 --toolchain-prefix xtensa-esp32-elf- --target esp32 --revision 0 C:\Users\ngerb\esp\MC\build\MC.elf C:\Users\ngerb\esp\MC\build\bootloader\bootloader.elf --force-color -m 'C:\Espressif\python_env\idf5.5_py3.11_env\Scripts\python.exe' 'C:\Espressif\frameworks\esp-idf-v5.5.2\tools\idf.py' '-p' 'COM7'
�j!�5
[0;32mI (35) boot.esp32: SPI�ets Jul 29 2019 12:21:46[0m

rst:0x1 (POWERON_RESET),boot:0x13 (SPI_FAST_FLASH_BOOT)
configsip: 0, SPIWP:0xee
clk_drv:0x00,q_drv:0x00,d_drv:0x00,cs0_drv:0x00,hd_drv:0x00,wp_drv:0x00
mode:DIO, clock div:2
load:0x3fff0030,len:6384
load:0x40078000,len:15916
load:0x40080400,len:3920
entry 0x40080644
[0;32mI (27) boot: ESP-IDF v5.5.2 2nd stage bootloader[0m
[0;32mI (27) boot: compile time Feb 21 2026 17:42:31[0m
[0;32mI (28) boot: Multicore bootloader[0m
[0;32mI (29) boot: chip revision: v3.1[0m
[0;32mI (32) boot.esp32: SPI Speed      : 40MHz[0m
[0;32mI (35) boot.esp32: SPI Mode       : DIO[0m
[0;32mI (39) boot.esp32: SPI Flash Size : 2MB[0m
[0;32mI (42) boot: Enabling RNG early entropy source...[0m
[0;32mI (47) boot: Partition Table:[0m
[0;32mI (49) boot: ## Label            Usage          Type ST Offset   Length[0m
[0;32mI (56) boot:  0 nvs              WiFi data        01 02 00009000 00006000[0m
[0;32mI (62) boot:  1 phy_init         RF data          01 01 0000f000 00001000[0m
[0;32mI (69) boot:  2 factory          factory app      00 00 00010000 00100000[0m
[0;32mI (75) boot: End of partition table[0m
[0;32mI (79) esp_image: segment 0: paddr=00010020 vaddr=3f400020 size=0a0fch ( 41212) map[0m
[0;32mI (100) esp_image: segment 1: paddr=0001a124 vaddr=3ffb0000 size=02400h (  9216) load[0m
[0;32mI (104) esp_image: segment 2: paddr=0001c52c vaddr=40080000 size=03aech ( 15084) load[0m
[0;32mI (110) esp_image: segment 3: paddr=00020020 vaddr=400d0020 size=105b4h ( 66996) map[0m
[0;32mI (135) esp_image: segment 4: paddr=000305dc vaddr=40083aec size=096d4h ( 38612) load[0m
[0;32mI (150) esp_image: segment 5: paddr=00039cb8 vaddr=50000000 size=00020h (    32) load[0m
[0;32mI (157) boot: Loaded app from partition at offset 0x10000[0m
[0;32mI (157) boot: Disabling RNG early entropy source...[0m
[0;32mI (168) cpu_start: Multicore app[0m
[0;32mI (176) cpu_start: GPIO 3 and 1 are used as console UART I/O pins[0m
[0;32mI (176) cpu_start: Pro cpu start user code[0m
[0;32mI (176) cpu_start: cpu freq: 160000000 Hz[0m
[0;32mI (178) app_init: Application information:[0m
[0;32mI (182) app_init: Project name:     MC[0m
[0;32mI (186) app_init: App version:      1[0m
[0;32mI (189) app_init: Compile time:     Feb 21 2026 17:40:24[0m
[0;32mI (194) app_init: ELF file SHA256:  30ee748b9...[0m
[0;32mI (198) app_init: ESP-IDF:          v5.5.2[0m
[0;32mI (202) efuse_init: Min chip rev:     v0.0[0m
[0;32mI (206) efuse_init: Max chip rev:     v3.99 [0m
[0;32mI (210) efuse_init: Chip rev:         v3.1[0m
[0;32mI (214) heap_init: Initializing. RAM available for dynamic allocation:[0m
[0;32mI (220) heap_init: At 3FFAE6E0 len 00001920 (6 KiB): DRAM[0m
[0;32mI (225) heap_init: At 3FFB2CD8 len 0002D328 (180 KiB): DRAM[0m
[0;32mI (230) heap_init: At 3FFE0440 len 00003AE0 (14 KiB): D/IRAM[0m
[0;32mI (236) heap_init: At 3FFE4350 len 0001BCB0 (111 KiB): D/IRAM[0m
[0;32mI (241) heap_init: At 4008D1C0 len 00012E40 (75 KiB): IRAM[0m
[0;33mW (248) spi_flash: Detected boya flash chip but using generic driver. For optimal functionality, enable `SPI_FLASH_SUPPORT_BOYA_CHIP` in menuconfig[0m
[0;32mI (260) spi_flash: detected chip: generic[0m
[0;32mI (263) spi_flash: flash io: dio[0m
[0;33mW (266) spi_flash: Detected size(4096k) larger than the size in the binary image header(2048k). Using the size in the binary image header.[0m
[0;32mI (279) main_task: Started on CPU0[0m
[0;32mI (289) main_task: Calling app_main()[0m
Set Time:
1.000000:00
Object detected!
Object removed!
Object detected!
Object removed!
Object detected!
Object removed!
Object detected!
Object removed!
in set_time task...
in set_time task...
in set_time task...
in set_time task...
in set_time task...
in set_time task...
in set_time task...
in set_time task...
in set_time task...
in set_time task...
in set_time task...
in set_time task...
in set_time task...
in set_time task...
in set_time task...
in set_time task...
in set_time task...
in set_time task...
in set_time task...
in set_time task...
in set_time task...
in set_time task...
in set_time task...
in set_time task...
in set_time task...
in set_time task...
in set_time task...
in set_time task...
in set_time task...
in set_time task...
in set_time task...
in set_time task...
in set_time task...
in set_time task...
in set_time task...
in set_time task...
in set_time task...
in set_time task...
in set_time task...
in set_time task...
in set_time task...
in set_time task...
in set_time task...
in set_time task...
in set_time task...
in set_time task...
in set_time task...
in set_time task...
in set_time task...
in set_time task...
in set_time task...
in set_time task...
in set_time task...
in set_time task...
in set_time task...
in set_time task...
in set_time task...
in set_time task...
in set_time task...
in set_time task...
in set_time task...
in set_time task...
Object detected!
Object removed!
Object detected!
Object removed!
Object detected!
Object removed!
in set_time task...
in set_time task...
in set_time task...
in set_time task...
in set_time task...
in set_time task...
in set_time task...
in set_time task...
in set_time task...
in set_time task...
in set_time task...
in set_time task...
in set_time task...
in set_time task...
in set_time task...
in set_time task...
in set_time task...
in set_time task...
in set_time task...
in set_time task...
in set_time task...
in set_time task...
in set_time task...
in set_time task...
in set_time task...
in set_time task...
in set_time task...
