Command: C:\Espressif\python_env\idf5.5_py3.11_env\Scripts\python.exe C:\Espressif\frameworks\esp-idf-v5.5.2\tools/idf_monitor.py -p COM7 -b 115200 --toolchain-prefix xtensa-esp32-elf- --target esp32 --revision 0 C:\Users\ngerb\esp\MC\build\MC.elf C:\Users\ngerb\esp\MC\build\bootloader\bootloader.elf --force-color -m 'C:\Espressif\python_env\idf5.5_py3.11_env\Scripts\python.exe' 'C:\Espressif\frameworks\esp-idf-v5.5.2\tools\idf.py' '-p' 'COM7'
���j!�5
[0;32mI (35) boot.esp32: SPI �ets Jul 29 2019 12:21:46[0m

rst:0x1 (POWERON_RESET),boot:0x13 (SPI_FAST_FLASH_BOOT)
configsip: 0, SPIWP:0xee
clk_drv:0x00,q_drv:0x00,d_drv:0x00,cs0_drv:0x00,hd_drv:0x00,wp_drv:0x00
mode:DIO, clock div:2
load:0x3fff0030,len:6384
load:0x40078000,len:15916
load:0x40080400,len:3920
entry 0x40080644
[0;32mI (27) boot: ESP-IDF v5.5.2 2nd stage bootloader[0m
[0;32mI (27) boot: compile time Feb 21 2026 17:42:31[0m
[0;32mI (28) boot: Multicore bootloader[0m
[0;32mI (29) boot: chip revision: v3.1[0m
[0;32mI (32) boot.esp32: SPI Speed      : 40MHz[0m
[0;32mI (35) boot.esp32: SPI Mode       : DIO[0m
[0;32mI (39) boot.esp32: SPI Flash Size : 2MB[0m
[0;32mI (42) boot: Enabling RNG early entropy source...[0m
[0;32mI (47) boot: Partition Table:[0m
[0;32mI (49) boot: ## Label            Usage          Type ST Offset   Length[0m
[0;32mI (56) boot:  0 nvs              WiFi data        01 02 00009000 00006000[0m
[0;32mI (62) boot:  1 phy_init         RF data          01 01 0000f000 00001000[0m
[0;32mI (69) boot:  2 factory          factory app      00 00 00010000 00100000[0m
[0;32mI (75) boot: End of partition table[0m
[0;32mI (79) esp_image: segment 0: paddr=00010020 vaddr=3f400020 size=0a11ch ( 41244) map[0m
[0;32mI (100) esp_image: segment 1: paddr=0001a144 vaddr=3ffb0000 size=02400h (  9216) load[0m
[0;32mI (104) esp_image: segment 2: paddr=0001c54c vaddr=40080000 size=03acch ( 15052) load[0m
[0;32mI (110) esp_image: segment 3: paddr=00020020 vaddr=400d0020 size=105e0h ( 67040) map[0m
[0;32mI (135) esp_image: segment 4: paddr=00030608 vaddr=40083acc size=096f4h ( 38644) load[0m
[0;32mI (150) esp_image: segment 5: paddr=00039d04 vaddr=50000000 size=00020h (    32) load[0m
[0;32mI (157) boot: Loaded app from partition at offset 0x10000[0m
[0;32mI (157) boot: Disabling RNG early entropy source...[0m
[0;32mI (168) cpu_start: Multicore app[0m
[0;32mI (176) cpu_start: GPIO 3 and 1 are used as console UART I/O pins[0m
[0;32mI (176) cpu_start: Pro cpu start user code[0m
[0;32mI (176) cpu_start: cpu freq: 160000000 Hz[0m
[0;32mI (178) app_init: Application information:[0m
[0;32mI (182) app_init: Project name:     MC[0m
[0;32mI (186) app_init: App version:      1[0m
[0;32mI (189) app_init: Compile time:     Feb 21 2026 17:40:24[0m
[0;32mI (194) app_init: ELF file SHA256:  4e1ff9fd0...[0m
[0;32mI (198) app_init: ESP-IDF:          v5.5.2[0m
[0;32mI (202) efuse_init: Min chip rev:     v0.0[0m
[0;32mI (206) efuse_init: Max chip rev:     v3.99 [0m
[0;32mI (210) efuse_init: Chip rev:         v3.1[0m
[0;32mI (214) heap_init: Initializing. RAM available for dynamic allocation:[0m
[0;32mI (220) heap_init: At 3FFAE6E0 len 00001920 (6 KiB): DRAM[0m
[0;32mI (225) heap_init: At 3FFB2CD8 len 0002D328 (180 KiB): DRAM[0m
[0;32mI (230) heap_init: At 3FFE0440 len 00003AE0 (14 KiB): D/IRAM[0m
[0;32mI (236) heap_init: At 3FFE4350 len 0001BCB0 (111 KiB): D/IRAM[0m
[0;32mI (241) heap_init: At 4008D1C0 len 00012E40 (75 KiB): IRAM[0m
[0;33mW (248) spi_flash: Detected boya flash chip but using generic driver. For optimal functionality, enable `SPI_FLASH_SUPPORT_BOYA_CHIP` in menuconfig[0m
[0;32mI (260) spi_flash: detected chip: generic[0m
[0;32mI (263) spi_flash: flash io: dio[0m
[0;33mW (266) spi_flash: Detected size(4096k) larger than the size in the binary image header(2048k). Using the size in the binary image header.[0m
[0;32mI (279) main_task: Started on CPU0[0m
[0;32mI (289) main_task: Calling app_main()[0m
Set Time:
1.000000:00
in set_time task...
dec timer...
in set_time task...
in set_time task...
dec timer...
in set_time task...
in set_time task...
Inc timer...
in set_time task...
Inc timer...
in set_time task...
in set_time task...
Inc timer...
ets Jul 29 2019 12:21:46

rst:0x8 (TG1WDT_SYS_RESET),boot:0x13 (SPI_FAST_FLASH_BOOT)
configsip: 0, SPIWP:0xee
clk_drv:0x00,q_drv:0x00,d_drv:0x00,cs0_drv:0x00,hd_drv:0x00,wp_drv:0x00
mode:DIO, clock div:2
load:0x3fff0030,len:6384
load:0x40078000,len:15916
load:0x40080400,len:3920
entry 0x40080644
[0;32mI (54) boot: ESP-IDF v5.5.2 2nd stage bootloader[0m
[0;32mI (54) boot: compile time Feb 21 2026 17:42:31[0m
[0;32mI (54) boot: Multicore bootloader[0m
[0;32mI (56) boot: chip revision: v3.1[0m
[0;32mI (59) boot.esp32: SPI Speed      : 40MHz[0m
[0;32mI (63) boot.esp32: SPI Mode       : DIO[0m
[0;32mI (66) boot.esp32: SPI Flash Size : 2MB[0m
[0;33mW (70) boot.esp32: PRO CPU has been reset by WDT[0m
[0;33mW (74) boot.esp32: WDT rst info: PRO CPU PC=0x4008d021[0m
[0;33mW (79) boot.esp32: WDT rst info: APP CPU PC=0x4008d0a4[0m
[0;32mI (84) boot: Enabling RNG early entropy source...[0m
[1;31mE (88) flash_parts: partition 0 invalid magic number 0x200[0m
[1;31mE (93) boot: Failed to verify partition table[0m
[1;31mE (98) boot: load partition table error![0m
ets Jul 29 2019 12:21:46

rst:0x3 (SW_RESET),boot:0x13 (SPI_FAST_FLASH_BOOT)
invalid header: 0xffffffff
invalid header: 0xffffffff
configsip: 0, SPIWP:0xee
clk_drv:0x00,q_drv:0x00,d_drv:0x00,cs0_drv:0x00,hd_drv:0x00,wp_drv:0x00
mode:DIO, clock div:2
load:0x3fff0030,len:6384
load:0x40078000,len:15916
load:0x40080400,len:3920
entry 0x40080644
[0;32mI (169) boot: ESP-IDF v5.5.2 2nd stage bootloader[0m
[0;32mI (169) boot: compile time Feb 21 2026 17:42:31[0m
[0;32mI (169) boot: Multicore bootloader[0m
[0;32mI (171) boot: chip revision: v3.1[0m
[0;32mI (174) boot.esp32: SPI Speed      : 40MHz[0m
[0;32mI (178) boot.esp32: SPI Mode       : DIO[0m
[0;32mI (181) boot.esp32: SPI Flash Size : 2MB[0m
[0;32mI (185) boot: Enabling RNG early entropy source...[0m
[0;32mI (190) boot: Partition Table:[0m
[0;32mI (192) boot: ## Label            Usage          Type ST Offset   Length[0m
[0;32mI (199) boot:  0 nvs              WiFi data        01 02 00009000 00006000[0m
[0;32mI (205) boot:  1 phy_init         RF data          01 01 0000f000 00001000[0m
[0;32mI (212) boot:  2 factory          factory app      00 00 00010000 00100000[0m
[0;32mI (219) boot: End of partition table[0m
[0;32mI (222) esp_image: segment 0: paddr=00010020 vaddr=3f400020 size=0a11ch ( 41244) map[0m
[0;32mI (244) esp_image: segment 1: paddr=0001a144 vaddr=3ffb0000 size=02400h (  9216) load[0m
[0;32mI (247) esp_image: segment 2: paddr=0001c54c vaddr=40080000 size=03acch ( 15052) load[0m
[0;32mI (253) esp_image: segment 3: paddr=00020020 vaddr=400d0020 size=105e0h ( 67040) map[0m
[0;32mI (278) esp_image: segment 4: paddr=00030608 vaddr=40083acc size=096f4h ( 38644) load[0m
[0;32mI (293) esp_image: segment 5: paddr=00039d04 vaddr=50000000 size=00020h (    32) load[0m
[0;32mI (300) boot: Loaded app from partition at offset 0x10000[0m
[0;32mI (300) boot: Disabling RNG early entropy source...[0m
ets Jul 29 2019 12:21:46

rst:0x10 (RTCWDT_RTC_RESET),boot:0x13 (SPI_FAST_FLASH_BOOT)
configsip: 0, SPIWP:0xee
clk_drv:0x00,q_drv:0x00,d_drv:0x00,cs0_drv:0x00,hd_drv:0x00,wp_drv:0x00
mode:DIO, clock div:2
load:0x3fff0030,len:6384
load:0x40078000,len:15916
load:0x40080400,len:3920
entry 0x40080644
[0;32mI (28) boot: ESP-IDF v5.5.2 2nd stage bootloader[0m
[0;32mI (28) boot: compile time Feb 21 2026 17:42:31[0m
[0;32mI (28) boot: Multicore bootloader[0m
[0;32mI (29) boot: chip revision: v3.1[0m
[0;32mI (32) boot.esp32: SPI Speed      : 40MHz[0m
[0;32mI (36) boot.esp32: SPI Mode       : DIO[0m
[0;32mI (39) boot.esp32: SPI Flash Size : 2MB[0m
[0;32mI (43) boot: Enabling RNG early entropy source...[0m
[0;32mI (47) boot: Partition Table:[0m
[0;32mI (50) boot: ## Label            Usage          Type ST Offset   Length[0m
[0;32mI (56) boot:  0 nvs              WiFi data        01 02 00009000 00006000[0m
[0;32mI (63) boot:  1 phy_init         RF data          01 01 0000f000 00001000[0m
[0;32mI (69) boot:  2 factory          factory app      00 00 00010000 00100000[0m
[0;32mI (76) boot: End of partition table[0m
[0;32mI (79) esp_image: segment 0: paddr=00010020 vaddr=3f400020 size=0a11ch ( 41244) map[0m
[0;32mI (101) esp_image: segment 1: paddr=0001a144 vaddr=3ffb0000 size=02400h (  9216) load[0m
[0;32mI (104) esp_image: segment 2: paddr=0001c54c vaddr=40080000 size=03acch ( 15052) load[0m
[0;32mI (110) esp_image: segment 3: paddr=00020020 vaddr=400d0020 size=105e0h ( 67040) map[0m
[0;32mI (135) esp_image: segment 4: paddr=00030608 vaddr=40083acc size=096f4h ( 38644) load[0m
[0;32mI (150) esp_image: segment 5: paddr=00039d04 vaddr=50000000 size=00020h (    32) load[0m
[0;32mI (157) boot: Loaded app from partition at offset 0x10000[0m
[0;32mI (157) boot: Disabling RNG early entropy source...[0m
[0;32mI (168) cpu_start: Multicore app[0m
[0;32mI (177) cpu_start: GPIO 3 and 1 are used as console UART I/O pins[0m
[0;32mI (177) cpu_start: Pro cpu start user code[0m
[0;32mI (177) cpu_start: cpu freq: 160000000 Hz[0m
[0;32mI (179) app_init: Application information:[0m
[0;32mI (182) app_init: Project name:     MC[0m
[0;32mI (186) app_init: App version:      1[0m
[0;32mI (189) app_init: Compile time:     Feb 21 2026 17:40:24[0m
[0;32mI (194) app_init: ELF file SHA256:  4e1ff9fd0...[0m
[0;32mI (199) app_init: ESP-IDF:          v5.5.2[0m
[0;32mI (203) efuse_init: Min chip rev:     v0.0[0m
[0;32mI (206) efuse_init: Max chip rev:     v3.99 [0m
[0;32mI (210) efuse_init: Chip rev:         v3.1[0m
[0;32mI (214) heap_init: Initializing. RAM available for dynamic allocation:[0m
[0;32mI (221) heap_init: At 3FFAE6E0 len 00001920 (6 KiB): DRAM[0m
[0;32mI (226) heap_init: At 3FFB2CD8 len 0002D328 (180 KiB): DRAM[0m
[0;32mI (231) heap_init: At 3FFE0440 len 00003AE0 (14 KiB): D/IRAM[0m
[0;32mI (236) heap_init: At 3FFE4350 len 0001BCB0 (111 KiB): D/IRAM[0m
[0;32mI (242) heap_init: At 4008D1C0 len 00012E40 (75 KiB): IRAM[0m
[0;33mW (248) spi_flash: Detected boya flash chip but using generic driver. For optimal functionality, enable `SPI_FLASH_SUPPORT_BOYA_CHIP` in menuconfig[0m
[0;32mI (260) spi_flash: detected chip: generic[0m
[0;32mI (264) spi_flash: flash io: dio[0m
[0;33mW (267) spi_flash: Detected size(4096k) larger than the size in the binary image header(2048k). Using the size in the binary image header.[0m
[0;32mI (279) main_task: Started on CPU0[0m
[0;32mI (289) main_task: Calling app_main()[0m
Set Time:
1.000000:00
ets Jul 29 2019 12:21:46

rst:0x8 (TG1WDT_SYS_RESET),boot:0x13 (SPI_FAST_FLASH_BOOT)
configsip: 0, SPIWP:0xee
clk_drv:0x00,q_drv:0x00,d_drv:0x00,cs0_drv:0x00,hd_drv:0x00,wp_drv:0x00
mode:DIO, clock div:2
load:0x3fff0030,len:6384
load:0x40078000,len:15916
load:0x40080400,len:3920
entry 0x40080644
[0;32mI (54) boot: ESP-IDF v5.5.2 2nd stage bootloader[0m
[0;32mI (54) boot: compile time Feb 21 2026 17:42:31[0m
[0;32mI (54) boot: Multicore bootloader[0m
[0;32mI (56) boot: chip revision: v3.1[0m
[0;32mI (59) boot.esp32: SPI Speed      : 40MHz[0m
[0;32mI (63) boot.esp32: SPI Mode       : DIO[0m
[0;32mI (66) boot.esp32: SPI Flash Size : 2MB[0m
[0;33mW (70) boot.esp32: PRO CPU has been reset by WDT[0m
[0;33mW (74) boot.esp32: WDT rst info: PRO CPU PC=0x4008d0a4[0m
[0;33mW (79) boot.esp32: WDT rst info: APP CPU PC=0x4008cfdd[0m
[0;32mI (84) boot: Enabling RNG early entropy source...[0m
[0;32mI (88) boot: Partition Table:[0m
[0;32mI (91) boot: ## Label            Usage          Type ST Offset   Length[0m
[0;32mI (97) boot:  0 nvs              WiFi data        01 02 00009000 00006000[0m
[0;32mI (104) boot:  1 phy_init         RF data          01 01 0000f000 00001000[0m
[0;32mI (110) boot:  2 factory          factory app      00 00 00010000 00100000[0m
[0;32mI (117) boot: End of partition table[0m
[0;32mI (120) esp_image: segment 0: paddr=00010020 vaddr=3f400020 size=0a11ch ( 41244) map[0m
[0;32mI (142) esp_image: segment 1: paddr=0001a144 vaddr=3ffb0000 size=02400h (  9216) load[0m
[0;32mI (146) esp_image: segment 2: paddr=0001c54c vaddr=40080000 size=03acch ( 15052) load[0m
[0;32mI (152) esp_image: segment 3: paddr=00020020 vaddr=400d0020 size=105e0h ( 67040) map[0m
[0;32mI (176) esp_image: segment 4: paddr=00030608 vaddr=40083acc size=096f4h ( 38644) load[0m
[0;32mI (192) esp_image: segment 5: paddr=00039d04 vaddr=50000000 size=00020h (    32) load[0m
[0;32mI (198) boot: Loaded app from partition at offset 0x10000[0m
[0;32mI (199) boot: Disabling RNG early entropy source...[0m
[0;32mI (210) cpu_start: Multicore app[0m
[0;32mI (218) cpu_start: GPIO 3 and 1 are used as console UART I/O pins[0m
[0;32mI (218) cpu_start: Pro cpu start user code[0m
[0;32mI (218) cpu_start: cpu freq: 160000000 Hz[0m
[0;32mI (220) app_init: Application information:[0m
[0;32mI (224) app_init: Project name:     MC[0m
[0;32mI (227) app_init: App version:      1[0m
[0;32mI (231) app_init: Compile time:     Feb 21 2026 17:40:24[0m
[0;32mI (236) app_init: ELF file SHA256:  4e1ff9fd0...[0m
[0;32mI (240) app_init: ESP-IDF:          v5.5.2[0m
[0;32mI (244) efuse_init: Min chip rev:     v0.0[0m
[0;32mI (248) efuse_init: Max chip rev:     v3.99 [0m
[0;32mI (252) efuse_init: Chip rev:         v3.1[0m
[0;32mI (256) heap_init: Initializing. RAM available for dynamic allocation:[0m
[0;32mI (262) heap_init: At 3FFAE6E0 len 00001920 (6 KiB): DRAM[0m
[0;32mI (267) heap_init: At 3FFB2CD8 len 0002D328 (180 KiB): DRAM[0m
[0;32mI (272) heap_init: At 3FFE0440 len 00003AE0 (14 KiB): D/IRAM[0m
[0;32mI (278) heap_init: At 3FFE4350 len 0001BCB0 (111 KiB): D/IRAM[0m
[0;32mI (283) heap_init: At 4008D1C0 len 00012E40 (75 KiB): IRAM[0m
[0;33mW (290) spi_flash: Detected boya flash chip but using generic driver. For optimal functionality, enable `SPI_FLASH_SUPPORT_BOYA_CHIP` in menuconfig[0m
[0;32mI (302) spi_flash: detected chip: generic[0m
[0;32mI (305) spi_flash: flash io: dio[0m
[0;33mW (308) spi_flash: Detected size(4096k) larger than the size in the binary image header(2048k). Using the size in the binary image header.[0m
[0;32mI (321) main_task: Started on CPU0[0m
[0;32mI (331) main_task: Calling app_main()[0m
Set Time:
1.000000:00
ets Jul 29 2019 12:21:46

rst:0x8 (TG1WDT_SYS_RESET),boot:0x13 (SPI_FAST_FLASH_BOOT)
configsip: 0, SPIWP:0xee
clk_drv:0x00,q_drv:0x00,d_drv:0x00,cs0_drv:0x00,hd_drv:0x00,wp_drv:0x00
mode:DIO, clock div:2
load:0x3fff0030,len:6384
load:0x40078000,len:15916
load:0x40080400,len:3920
entry 0x40080644
[0;32mI (54) boot: ESP-IDF v5.5.2 2nd stage bootloader[0m
[0;32mI (54) boot: compile time Feb 21 2026 17:42:31[0m
[0;32mI (54) boot: Multicore bootloader[0m
[0;32mI (56) boot: chip revision: v3.1[0m
[0;32mI (59) boot.esp32: SPI Speed      : 40MHz[0m
[0;32mI (63) boot.esp32: SPI Mode       : DIO[0m
[0;32mI (66) boot.esp32: SPI Flash Size : 2MB[0m
[0;33mW (70) boot.esp32: PRO CPU has been reset by WDT[0m
[0;33mW (74) boot.esp32: WDT rst info: PRO CPU PC=0x4008d0a4[0m
[0;33mW (79) boot.esp32: WDT rst info: APP CPU PC=0x4008cfe0[0m
[0;32mI (84) boot: Enabling RNG early entropy source...[0m
[0;32mI (88) boot: Partition Table:[0m
[0;32mI (91) boot: ## Label            Usage          Type ST Offset   Length[0m
[0;32mI (97) boot:  0 nvs              WiFi data        01 02 00009000 00006000[0m
[0;32mI (104) boot:  1 phy_init         RF data          01 01 0000f000 00001000[0m
[0;32mI (110) boot:  2 factory          factory app      00 00 00010000 00100000[0m
[0;32mI (117) boot: End of partition table[0m
[0;32mI (120) esp_image: segment 0: paddr=00010020 vaddr=3f400020 size=0a11ch ( 41244) map[0m
[0;32mI (142) esp_image: segment 1: paddr=0001a144 vaddr=3ffb0000 size=02400h (  9216) load[0m
[0;32mI (146) esp_image: segment 2: paddr=0001c54c vaddr=40080000 size=03acch ( 15052) load[0m
[0;32mI (152) esp_image: segment 3: paddr=00020020 vaddr=400d0020 size=105e0h ( 67040) map[0m
[0;32mI (176) esp_image: segment 4: paddr=00030608 vaddr=40083acc size=096f4h ( 38644) load[0m
[0;32mI (192) esp_image: segment 5: paddr=00039d04 vaddr=50000000 size=00020h (    32) load[0m
[0;32mI (198) boot: Loaded app from partition at offset 0x10000[0m
[0;32mI (199) boot: Disabling RNG early entropy source...[0m
[0;32mI (210) cpu_start: Multicore app[0m
[0;32mI (218) cpu_start: GPIO 3 and 1 are used as console UART I/O pins[0m
[0;32mI (218) cpu_start: Pro cpu start user code[0m
[0;32mI (218) cpu_start: cpu freq: 160000000 Hz[0m
[0;32mI (220) app_init: Application information:[0m
[0;32mI (224) app_init: Project name:     MC[0m
[0;32mI (227) app_init: App version:      1[0m
[0;32mI (231) app_init: Compile time:     Feb 21 2026 17:40:24[0m
[0;32mI (236) app_init: ELF file SHA256:  4e1ff9fd0...[0m
[0;32mI (240) app_init: ESP-IDF:          v5.5.2[0m
[0;32mI (244) efuse_init: Min chip rev:     v0.0[0m
[0;32mI (248) efuse_init: Max chip rev:     v3.99 [0m
[0;32mI (252) efuse_init: Chip rev:         v3.1[0m
[0;32mI (256) heap_init: Initializing. RAM available for dynamic allocation:[0m
[0;32mI (262) heap_init: At 3FFAE6E0 len 00001920 (6 KiB): DRAM[0m
[0;32mI (267) heap_init: At 3FFB2CD8 len 0002D328 (180 KiB): DRAM[0m
[0;32mI (272) heap_init: At 3FFE0440 len 00003AE0 (14 KiB): D/IRAM[0m
[0;32mI (278) heap_init: At 3FFE4350 len 0001BCB0 (111 KiB): D/IRAM[0m
[0;32mI (283) heap_init: At 4008D1C0 len 00012E40 (75 KiB): IRAM[0m
[0;33mW (290) spi_flash: Detected boya flash chip but using generic driver. For optimal functionality, enable `SPI_FLASH_SUPPORT_BOYA_CHIP` in menuconfig[0m
[0;32mI (302) spi_flash: detected chip: generic[0m
[0;32mI (305) spi_flash: flash io: dio[0m
[0;33mW (308) spi_flash: Detected size(4096k) larger than the size in the binary image header(2048k). Using the size in the binary image header.[0m
[0;32mI (321) main_task: Started on CPU0[0m
[0;32mI (331) main_task: Calling app_main()[0m
Set Time:
1.000000:00
in set_time task...
dec timer...
in set_time task...
in set_time task...
dec timer...
in set_time task...
in set_time task...
dec timer...
in set_time task...
in set_time task...
dec timer...
in set_time task...
in set_time task...
dec timer...
in set_time task...
in brightness task...
in brightness task...
in brightness task...
in brightness task...
in brightness task...
in brightness task...
in brightness task...
in brightness task...
Object detected!
Object removed!
Object detected!
Object removed!
Object detected!
Object removed!
Object detected!
Object removed!
Object detected!
Object removed!
Object detected!
Object removed!
Object detected!
Object removed!
Object detected!
Object removed!
Object detected!
Object removed!
Object detected!
Object removed!
Object detected!
Object removed!
Object detected!
Object removed!
Object detected!
Object removed!
Object detected!
Object removed!
Object detected!
Object removed!
Object detected!
Object removed!
Object detected!
Object removed!
Object detected!
Object removed!
Object detected!
Object removed!
Object detected!
Object removed!
Object detected!
Object removed!
Object detected!
Object removed!
Object detected!
Object removed!
in brightness task...
in brightness task...
Object detected!
Object removed!
in brightness task...
in brightness task...
Object detected!
Object removed!
in brightness task...
Object detected!
Object removed!
in brightness task...
Object detected!
Object removed!
in brightness task...
Object detected!
Object removed!
in brightness task...
Object detected!
Object removed!
in brightness task...
in brightness task...
Object detected!
Object removed!
Object detected!
Object removed!
in brightness task...
in brightness task...
Object detected!
Object removed!
in brightness task...
Object detected!
Object removed!
in brightness task...
Object detected!
in brightness task...
Object removed!
in brightness task...
Object detected!
in brightness task...
Object removed!
Object detected!
Object removed!
Object detected!
in set_time task...
dec timer...
Object removed!
in set_time task...
dec timer...
Object detected!
Object removed!
in set_time task...
dec timer...
in set_time task...
in set_time task...
dec timer...
Object detected!
in set_time task...
Object removed!
Object detected!
Object removed!
in set_time task...
dec timer...
in set_time task...
Object detected!
in set_time task...
dec timer...
Object removed!
in set_time task...
Object detected!
Object removed!
in set_time task...
dec timer...
in set_time task...
Object detected!
Object removed!
in set_time task...
dec timer...
in set_time task...
in set_time task...
dec timer...
Object detected!
Object removed!
in set_time task...
dec timer...
Object detected!
Object removed!
in set_time task...
dec timer...
Object detected!
Object removed!
Object detected!
Object removed!
in set_time task...
dec timer...
in set_time task...
dec timer...
in set_time task...
Object detected!
Object removed!
in set_time task...
dec timer...
Object detected!
Object removed!
in set_time task...
dec timer...
Object detected!
Object removed!
in set_time task...
dec timer...
in set_time task...
dec timer...
Object detected!
Object removed!
in set_time task...
dec timer...
in set_time task...
in set_time task...
dec timer...
Object detected!
Object removed!
in set_time task...
dec timer...
in set_time task...
in set_time task...
dec timer...
Object detected!
Object removed!
in set_time task...
dec timer...
in set_time task...
dec timer...
in set_time task...
Object detected!
Object removed!
in set_time task...
dec timer...
in set_time task...
dec timer...
Object detected!
Object removed!
in set_time task...
dec timer...
in set_time task...
in set_time task...
dec timer...
Object detected!
Object removed!
in set_time task...
dec timer...
in set_time task...
in set_time task...
dec timer...
in set_time task...
Object detected!
Object removed!
in set_time task...
dec timer...
in set_time task...
dec timer...
Object detected!
Object removed!
in set_time task...
dec timer...
in set_time task...
in set_time task...
dec timer...
Object detected!
in set_time task...
dec timer...
in set_time task...
dec timer...
in set_time task...
in set_time task...
dec timer...
in set_time task...
in set_time task...
dec timer...
in set_time task...
dec timer...
in set_time task...
in set_time task...
dec timer...
in set_time task...
in set_time task...
dec timer...
Object removed!
Object detected!
Object removed!
Object detected!
Object removed!
in set_time task...
dec timer...
Object detected!
Object removed!
Object detected!
Object removed!
in set_time task...
dec timer...
in set_time task...
dec timer...
in set_time task...
dec timer...
in set_time task...
Object detected!
Object removed!
in set_time task...
dec timer...
in set_time task...
dec timer...
Object detected!
in set_time task...
dec timer...
in set_time task...
in set_time task...
dec timer...
in set_time task...
in set_time task...
dec timer...
in set_time task...
in set_time task...
dec timer...
in set_time task...
in set_time task...
dec timer...
in set_time task...
dec timer...
in set_time task...
dec timer...
in set_time task...
in set_time task...
dec timer...
Object removed!
in set_time task...
dec timer...
Object detected!
Object removed!
in set_time task...
dec timer...
Object detected!
Object removed!
in set_time task...
dec timer...
Object detected!
Object removed!
Object detected!
Object removed!
in set_time task...
dec timer...
in set_time task...
in set_time task...
dec timer...
Object detected!
Object removed!
Object detected!
Object removed!
in brightness task...
in brightness task...
in brightness task...
in brightness task...
in brightness task...
in brightness task...
in brightness task...
Object detected!
Object removed!
Object detected!
Object removed!
in brightness task...
in brightness task...
Object detected!
Object removed!
Object detected!
Object removed!
in brightness task...
Object detected!
in brightness task...
in brightness task...
in brightness task...
in brightness task...
in brightness task...
in brightness task...
in brightness task...
in brightness task...
in brightness task...
in brightness task...
Object removed!
Object detected!
Object removed!
Object detected!
Object removed!
in set_time task...
dec timer...
in set_time task...
Object detected!
Object removed!
in set_time task...
dec timer...
in set_time task...
in set_time task...
dec timer...
Object detected!
Object removed!
in set_time task...
dec timer...
in set_time task...
in brightness task...
in brightness task...
in brightness task...
in brightness task...
in brightness task...
Object detected!
Object removed!
Object detected!
Object removed!
Object detected!
Object removed!
Object detected!
Object removed!
Object detected!
Object removed!
Object detected!
Object removed!
Object detected!
Object removed!
Object detected!
Object removed!
Object detected!
Object removed!
Object detected!
Object removed!
Object detected!
Object removed!
Object detected!
Object removed!
Object detected!
Object removed!
Object detected!
Object removed!
Object detected!
Object removed!
Object detected!
Object removed!
Object detected!
Object removed!
Object detected!
Object removed!
Object detected!
Object removed!
Object detected!
Object removed!
Object detected!
Object removed!
Object detected!
Object removed!
Object detected!
Object removed!
Object detected!
Object removed!
Object detected!
Object removed!
Object detected!
Object removed!
Object detected!
Object removed!
Object detected!
Object removed!
Object detected!
Object removed!
Object detected!
Object removed!
Object detected!
Object removed!
Object detected!
Object removed!
Object detected!
Object removed!
Object detected!
Object removed!
Object detected!
Object removed!
Object detected!
Object removed!
Object detected!
Object removed!
Object detected!
Object removed!
Object detected!
Object removed!
Object detected!
Object removed!
Object detected!
Object removed!
Object detected!
Object removed!
Object detected!
Object removed!
Object detected!
Object removed!
Object detected!
Object removed!
Object detected!
Object removed!
Object detected!
Object removed!
Object detected!
Object removed!
Object detected!
Object removed!
Object detected!
Object removed!
Object detected!
Object removed!
Object detected!
Object removed!
in set_time task...
dec timer...
in set_time task...
in set_time task...
Inc timer...
in set_time task...
Inc timer...
in set_time task...
dec timer...
in brightness task...
Object detected!
Object removed!
in set_time task...
in set_time task...
in brightness task...
in set_time task...
in set_time task...
in set_time task...
in brightness task...
in set_time task...
in set_time task...
in set_time task...
in set_time task...
in set_time task...
in set_time task...
in set_time task...
in set_time task...
in set_time task...
in set_time task...
in set_time task...
in set_time task...
in brightness task...
in set_time task...
in set_time task...
in brightness task...
in set_time task...
in set_time task...
in brightness task...
in set_time task...
in set_time task...
in set_time task...
in set_time task...
in set_time task...
in set_time task...
in set_time task...
in brightness task...
in set_time task...
in brightness task...
in set_time task...
in set_time task...
in set_time task...
in set_time task...
in set_time task...
in brightness task...
